2026-06-06 20:10:29 | INFO     | tools.retriver_tool | Rewrite The new optimized query is Write The code to find sum of two number
2026-06-06 20:10:30 | INFO     | tools.retriver_tool | Successfully extracted the knowledge from retriever
2026-06-06 20:14:27 | INFO     | tools.retriver_tool | Rewrite The new optimized query is Write a code to generate sum of two number
2026-06-06 20:14:32 | INFO     | tools.retriver_tool | Successfully extracted the knowledge from retriever
2026-06-06 20:19:31 | INFO     | tools.retriver_tool | Rewrite The new optimized query is write a python program to add two numbers
2026-06-06 20:19:32 | INFO     | tools.retriver_tool | Successfully extracted the knowledge from retriever
2026-06-06 20:20:17 | INFO     | tools.retriver_tool | Model Inference is Completed
2026-06-06 20:23:14 | INFO     | tools.retriver_tool | Rewrite The new optimized query is write a python program to add two numbers
2026-06-06 20:23:15 | INFO     | tools.retriver_tool | Successfully extracted the knowledge from retriever
2026-06-06 20:26:46 | INFO     | tools.retriver_tool | Rewrite The new optimized query is write a python program to add two numbers
2026-06-06 20:26:51 | INFO     | tools.retriver_tool | Successfully extracted the knowledge from retriever
2026-06-06 20:27:13 | INFO     | tools.retriver_tool | Model Inference is Completed
2026-06-06 20:30:53 | INFO     | tools.retriver_tool | Rewrite The new optimized query is write a python program to add two numbers
2026-06-06 20:30:58 | INFO     | tools.retriver_tool | Successfully extracted the knowledge from retriever
2026-06-06 22:08:27 | INFO     | tools.retriver_tool | Rewrite The new optimized query is write a python function to add two user provided numbers and return the sum
2026-06-06 22:08:28 | INFO     | tools.retriver_tool | Successfully extracted the knowledge from retriever
2026-06-06 22:08:29 | INFO     | tools.retriver_tool | Model Inference is Completed
2026-06-06 22:09:07 | INFO     | tools.retriver_tool | Rewrite The new optimized query is write a Python program to add two objects if both objects are of type integer ?
2026-06-06 22:09:07 | INFO     | tools.retriver_tool | Successfully extracted the knowledge from retriever
2026-06-06 22:09:11 | INFO     | tools.retriver_tool | Model Inference is Completed
2026-06-06 22:09:46 | INFO     | tools.retriver_tool | Rewrite The new optimized query is write a python program to print a list ?
2026-06-06 22:09:46 | INFO     | tools.retriver_tool | Successfully extracted the knowledge from retriever
2026-06-06 22:09:48 | INFO     | tools.retriver_tool | Model Inference is Completed
2026-06-06 22:10:41 | INFO     | tools.retriver_tool | Rewrite The new optimized query is write a program to multiply all the number in a list ?
2026-06-06 22:10:41 | INFO     | tools.retriver_tool | Successfully extracted the knowledge from retriever
2026-06-06 22:10:42 | INFO     | tools.retriver_tool | Model Inference is Completed
2026-06-06 22:11:00 | INFO     | tools.retriver_tool | Rewrite The new optimized query is write a python program to multiply all the numbers in given list
2026-06-06 22:11:00 | INFO     | tools.retriver_tool | Successfully extracted the knowledge from retriever
2026-06-06 22:11:02 | INFO     | tools.retriver_tool | Model Inference is Completed
2026-06-06 22:11:22 | INFO     | tools.retriver_tool | Rewrite The new optimized query is write a python program to find sum of two number ?
2026-06-06 22:11:22 | INFO     | tools.retriver_tool | Successfully extracted the knowledge from retriever
2026-06-06 22:11:24 | INFO     | tools.retriver_tool | Model Inference is Completed
2026-06-06 22:11:48 | INFO     | tools.retriver_tool | Rewrite The new optimized query is write a python program to reverse a string ?
2026-06-06 22:11:49 | INFO     | tools.retriver_tool | Successfully extracted the knowledge from retriever
2026-06-06 22:11:51 | INFO     | tools.retriver_tool | Model Inference is Completed
